[2026-03-04 20:50:21] Moved: 112315..jpg -> Images/112315..jpg
[2026-03-04 20:50:21] Moved: 112315.jpg -> Images/112315.jpg
[2026-03-04 20:50:21] Moved: 2022-FIT-Ket-qua-xet-tuyen-CNTN.pdf -> Documents/2022-FIT-Ket-qua-xet-tuyen-CNTN.pdf
[2026-03-04 20:50:21] Moved: 2023-FIT-Ket-qua-xet-tuyen-CNTN (1).pdf -> Documents/2023-FIT-Ket-qua-xet-tuyen-CNTN (1).pdf
[2026-03-04 20:50:21] Moved: 2023-FIT-Ket-qua-xet-tuyen-CNTN.pdf -> Documents/2023-FIT-Ket-qua-xet-tuyen-CNTN.pdf
[2026-03-04 20:50:21] Moved: 2024 Mau dang ky nhan thong tin 300A4.docx -> Documents/2024 Mau dang ky nhan thong tin 300A4.docx
[2026-03-04 20:50:21] Moved: 2024-FIT-Ket-qua-xet-tuyen-CNTN.pdf -> Documents/2024-FIT-Ket-qua-xet-tuyen-CNTN.pdf
[2026-03-04 20:50:21] Moved: 25635f1d-416e-4ac5-bbc8-0c6bc4d6c78f.jpg -> Images/25635f1d-416e-4ac5-bbc8-0c6bc4d6c78f.jpg
[2026-03-04 20:50:21] Moved: 2e4b4eea-66f1-4956-9998-f73ef9dbaa48.jpg -> Images/2e4b4eea-66f1-4956-9998-f73ef9dbaa48.jpg
[2026-03-04 20:50:21] Moved: 481299953_1626481738228020_555754723475817508_n.jpg -> Images/481299953_1626481738228020_555754723475817508_n.jpg
[2026-03-04 20:50:21] Moved: 4c38f17c-00df-4002-bf2b-3d4136ecfee4.jpg -> Images/4c38f17c-00df-4002-bf2b-3d4136ecfee4.jpg
[2026-03-04 20:50:21] Moved: 7789_Thong-bao-khao-sat-nang-luc-tieng-Anh-dau-vao-khoa-tuyen-2024.pdf -> Documents/7789_Thong-bao-khao-sat-nang-luc-tieng-Anh-dau-vao-khoa-tuyen-2024.pdf
[2026-03-04 20:50:21] Moved: 7797_2024-FIT-Ket-qua-xet-tuyen-CNTN.pdf -> Documents/7797_2024-FIT-Ket-qua-xet-tuyen-CNTN.pdf
[2026-03-04 20:50:21] Moved: Bài thu hoạch KHTN.docx -> Documents/Bài thu hoạch KHTN.docx
[2026-03-04 20:50:21] Moved: Danh-sach-tai-khoan-thi-sinh.xls -> Others/Danh-sach-tai-khoan-thi-sinh.xls
[2026-03-04 20:50:21] Moved: Don-DK-xet-tuyen-lop-CNTN-2019.docx -> Documents/Don-DK-xet-tuyen-lop-CNTN-2019.docx
[2026-03-04 20:50:21] Moved: hsgqg.pdf -> Documents/hsgqg.pdf
[2026-03-04 20:50:21] Moved: LyLichSinhVienRutGon_24127002 (1).pdf -> Documents/LyLichSinhVienRutGon_24127002 (1).pdf
[2026-03-04 20:50:21] Moved: LyLichSinhVienRutGon_24127002.pdf -> Documents/LyLichSinhVienRutGon_24127002.pdf
[2026-03-04 20:50:21] Moved: May Basic (2024-08-20 19_06 GMT+7).mp4 -> Videos/May Basic (2024-08-20 19_06 GMT+7).mp4
[2026-03-04 20:50:21] Moved: nguyenvongthisinh_062206000072.pdf -> Documents/nguyenvongthisinh_062206000072.pdf
[2026-03-04 20:50:21] Moved: profile.jpg -> Images/profile.jpg
[2026-03-04 20:50:21] Moved: profile.pdf -> Documents/profile.pdf
[2026-03-04 20:50:21] Moved: SV-Dang-Nhap-Moodle.docx -> Documents/SV-Dang-Nhap-Moodle.docx
[2026-03-04 20:50:21] Moved: TB-CAC-MOC-THOI-GIAN-CHO-TAN-SV-K2024 (1).xlsx -> Documents/TB-CAC-MOC-THOI-GIAN-CHO-TAN-SV-K2024 (1).xlsx
[2026-03-04 20:50:21] Moved: TB-CAC-MOC-THOI-GIAN-CHO-TAN-SV-K2024.xlsx -> Documents/TB-CAC-MOC-THOI-GIAN-CHO-TAN-SV-K2024.xlsx
[2026-03-04 20:50:21] Moved: thumbnail_DK (10).jpg -> Images/thumbnail_DK (10).jpg
[2026-03-04 20:50:21] Moved: XET CHUYEN CHUONG TRINH 2024- Mau don.docx -> Documents/XET CHUYEN CHUONG TRINH 2024- Mau don.docx
[2026-03-04 20:50:21] Moved: z5754077494593_097b95a1baa06008e4f4e34aeb9763dd.jpg -> Images/z5754077494593_097b95a1baa06008e4f4e34aeb9763dd.jpg
[2026-03-04 20:50:21] Moved: z5754077528398_a59abb1c3988535053575850e39c855d.jpg -> Images/z5754077528398_a59abb1c3988535053575850e39c855d.jpg
[2026-03-04 20:50:21] Moved: z5754077598985_6c47cb8427bf03030a0251022c736f99.jpg -> Images/z5754077598985_6c47cb8427bf03030a0251022c736f99.jpg
[2026-03-04 20:50:21] Moved: z5754714913097_3e15fe8669719e09ce388786d949ebf4.jpg -> Images/z5754714913097_3e15fe8669719e09ce388786d949ebf4.jpg
[2026-03-04 20:50:21] Moved: z5756177153159_f9aeb094acccf68dbcd255b751c575ca.jpg -> Images/z5756177153159_f9aeb094acccf68dbcd255b751c575ca.jpg
[2026-03-04 20:50:21] Moved: z5756177411749_c1af4f690b401fafa5a1e7a1a32fe882.jpg -> Images/z5756177411749_c1af4f690b401fafa5a1e7a1a32fe882.jpg
[2026-03-04 20:50:21] Moved: z5756177719859_4f64630ebc8abd201aa5c477c8bfd4ee.jpg -> Images/z5756177719859_4f64630ebc8abd201aa5c477c8bfd4ee.jpg
[2026-03-04 20:50:21] Moved: z5756182770387_2a263b9524d419b4ab4171dfdbbb2c22.jpg -> Images/z5756182770387_2a263b9524d419b4ab4171dfdbbb2c22.jpg
[2026-03-04 20:50:21] Moved: z5756187645390_f7001003aeef75b43380c8bea99898e9.jpg -> Images/z5756187645390_f7001003aeef75b43380c8bea99898e9.jpg
[2026-03-04 20:50:21] Moved: z5756220195061_63a22be71dd7f46631cb70be504c1a61.jpg -> Images/z5756220195061_63a22be71dd7f46631cb70be504c1a61.jpg
[2026-03-04 20:50:21] Moved: z5756296375574_8e74a57a9b3606e44aec1b476b7878ba.jpg -> Images/z5756296375574_8e74a57a9b3606e44aec1b476b7878ba.jpg
[2026-03-04 20:51:24] Moved: z5754077528398_a59abb1c3988535053575850e39c855d.jpg -> Images/z5754077528398_a59abb1c3988535053575850e39c855d.jpg
[2026-03-04 20:51:24] Moved: z5754077598985_6c47cb8427bf03030a0251022c736f99.jpg -> Images/z5754077598985_6c47cb8427bf03030a0251022c736f99.jpg
[2026-03-04 20:51:24] Moved: z5754714913097_3e15fe8669719e09ce388786d949ebf4.jpg -> Images/z5754714913097_3e15fe8669719e09ce388786d949ebf4.jpg
[2026-03-04 20:51:24] Moved: z5756177153159_f9aeb094acccf68dbcd255b751c575ca.jpg -> Images/z5756177153159_f9aeb094acccf68dbcd255b751c575ca.jpg
[2026-03-04 20:51:24] Moved: z5756177411749_c1af4f690b401fafa5a1e7a1a32fe882.jpg -> Images/z5756177411749_c1af4f690b401fafa5a1e7a1a32fe882.jpg
[2026-03-04 20:51:24] Moved: z5756177719859_4f64630ebc8abd201aa5c477c8bfd4ee.jpg -> Images/z5756177719859_4f64630ebc8abd201aa5c477c8bfd4ee.jpg
[2026-03-04 20:51:24] Moved: z5756182770387_2a263b9524d419b4ab4171dfdbbb2c22.jpg -> Images/z5756182770387_2a263b9524d419b4ab4171dfdbbb2c22.jpg
[2026-03-04 20:51:24] Moved: z5756187645390_f7001003aeef75b43380c8bea99898e9.jpg -> Images/z5756187645390_f7001003aeef75b43380c8bea99898e9.jpg
[2026-03-04 20:51:24] Moved: z5756220195061_63a22be71dd7f46631cb70be504c1a61.jpg -> Images/z5756220195061_63a22be71dd7f46631cb70be504c1a61.jpg
[2026-03-04 20:51:24] Moved: z5756296375574_8e74a57a9b3606e44aec1b476b7878ba.jpg -> Images/z5756296375574_8e74a57a9b3606e44aec1b476b7878ba.jpg
[2026-03-04 20:58:45] Moved: 112315..jpg -> Images/112315..jpg
[2026-03-04 20:58:45] Moved: 112315.jpg -> Images/112315.jpg
[2026-03-04 20:58:45] Moved: 25635f1d-416e-4ac5-bbc8-0c6bc4d6c78f.jpg -> Images/25635f1d-416e-4ac5-bbc8-0c6bc4d6c78f.jpg
[2026-03-04 20:58:45] Moved: 2e4b4eea-66f1-4956-9998-f73ef9dbaa48.jpg -> Images/2e4b4eea-66f1-4956-9998-f73ef9dbaa48.jpg
[2026-03-04 20:58:45] Moved: 481299953_1626481738228020_555754723475817508_n.jpg -> Images/481299953_1626481738228020_555754723475817508_n.jpg
[2026-03-04 20:58:45] Moved: 4c38f17c-00df-4002-bf2b-3d4136ecfee4.jpg -> Images/4c38f17c-00df-4002-bf2b-3d4136ecfee4.jpg
[2026-03-04 20:58:45] Moved: profile.jpg -> Images/profile.jpg
[2026-03-04 20:58:45] Moved: thumbnail_DK (10).jpg -> Images/thumbnail_DK (10).jpg
[2026-03-04 20:58:45] Moved: z5754077494593_097b95a1baa06008e4f4e34aeb9763dd.jpg -> Images/z5754077494593_097b95a1baa06008e4f4e34aeb9763dd.jpg
[2026-03-04 20:58:45] Moved: z5754077528398_a59abb1c3988535053575850e39c855d.jpg -> Images/z5754077528398_a59abb1c3988535053575850e39c855d.jpg
[2026-03-04 20:58:45] Moved: z5754077598985_6c47cb8427bf03030a0251022c736f99.jpg -> Images/z5754077598985_6c47cb8427bf03030a0251022c736f99.jpg
[2026-03-04 20:58:45] Moved: z5754714913097_3e15fe8669719e09ce388786d949ebf4.jpg -> Images/z5754714913097_3e15fe8669719e09ce388786d949ebf4.jpg
[2026-03-04 20:58:45] Moved: z5756177153159_f9aeb094acccf68dbcd255b751c575ca.jpg -> Images/z5756177153159_f9aeb094acccf68dbcd255b751c575ca.jpg
[2026-03-04 20:58:45] Moved: z5756177411749_c1af4f690b401fafa5a1e7a1a32fe882.jpg -> Images/z5756177411749_c1af4f690b401fafa5a1e7a1a32fe882.jpg
[2026-03-04 20:58:45] Moved: z5756177719859_4f64630ebc8abd201aa5c477c8bfd4ee.jpg -> Images/z5756177719859_4f64630ebc8abd201aa5c477c8bfd4ee.jpg
[2026-03-04 20:58:45] Moved: z5756182770387_2a263b9524d419b4ab4171dfdbbb2c22.jpg -> Images/z5756182770387_2a263b9524d419b4ab4171dfdbbb2c22.jpg
[2026-03-04 20:58:45] Moved: z5756187645390_f7001003aeef75b43380c8bea99898e9.jpg -> Images/z5756187645390_f7001003aeef75b43380c8bea99898e9.jpg
[2026-03-04 20:58:45] Moved: z5756220195061_63a22be71dd7f46631cb70be504c1a61.jpg -> Images/z5756220195061_63a22be71dd7f46631cb70be504c1a61.jpg
[2026-03-04 20:58:45] Moved: z5756296375574_8e74a57a9b3606e44aec1b476b7878ba.jpg -> Images/z5756296375574_8e74a57a9b3606e44aec1b476b7878ba.jpg
